Renesas Optimizing Linker (W3.01.00 )             26-Jul-2019 01:14:55

*** Options ***

-subcommand=DefaultBuild\test190601.clnk
-library=DefaultBuild\test190601.lib
-input=DefaultBuild\dbsct.obj
-input=DefaultBuild\resetprg.obj
-input=DefaultBuild\sbrk.obj
-input=DefaultBuild\test190601.obj
-input=DefaultBuild\R_PG_Clock.obj
-input=DefaultBuild\R_PG_IO_PORT.obj
-input=DefaultBuild\R_PG_IO_PORT_P5.obj
-input=DefaultBuild\R_PG_Timer_MTU_U0_C0.obj
-input=DefaultBuild\R_PG_Timer_MTU_U0_C1.obj
-input=DefaultBuild\R_PG_Timer_MTU_U0_C2.obj
-input=DefaultBuild\R_PG_Timer_MTU_U0_C3.obj
-input=DefaultBuild\R_PG_Timer_MTU_U0_C4.obj
-input=DefaultBuild\R_PG_Timer_MTU_U0.obj
-input=DefaultBuild\R_PG_Timer_CMT_U0.obj
-input=DefaultBuild\R_PG_SCI_C0.obj
-input=DefaultBuild\R_PG_ADC_12_S12AD0.obj
-input=DefaultBuild\Interrupt_INTC.obj
-input=DefaultBuild\Interrupt_CMT.obj
-input=DefaultBuild\hwsetup.obj
-input=DefaultBuild\lowsrc.obj
-input=DefaultBuild\SCI.obj
-input=DefaultBuild\R_PG_Timer_MTU_U0_C5.obj
-input=DefaultBuild\Interrupt_MTU2.obj
-input=DefaultBuild\Interrupt_MTU2_TPU.obj
-input=DefaultBuild\E2dataFlash.obj
-input=DefaultBuild\R_PG_IO_PORT_PB.obj
-input=DefaultBuild\R_PG_IO_PORT_PD.obj
-input=DefaultBuild\R_PG_SCI_C2.obj
-input=DefaultBuild\R_PG_IO_PORT_PA.obj
-input=DefaultBuild\R_PG_IO_PORT_P2.obj
-library=C:\Renesas\PDG2\lib\RX63N\RX63N_library_100_little.lib
-noprelink
-output=DefaultBuild\test190601.abs
-list=DefaultBuild\test190601.map
-nooptimize
-start=B_1,R_1,B_2,R_2,B,R,SU,SI/04,PResetPRG/0FFE00000,C_1,C_2,C,C$DSEC,C$BSEC,C$INIT,C$VTBL,C$VECT,D_1,D_2,D,P,PIntPRG,W_1,W_2,W,L/0FFE00100,FIXEDVECT/0FFFFFFD0
-rom=D=R,D_1=R_1,D_2=R_2
-nologo
-end

*** Error information ***

W0561100:Cannot find "PIntPRG" specified in option "start"

*** Mapping List ***

SECTION                            START      END         SIZE   ALIGN
B_1
                                  00000004  00000041        3e   1
R_1
                                  00000042  00000092        51   1
B_2
                                  00000094  00000163        d0   2
R_2
                                  00000164  0000016b         8   2
B
                                  0000016c  00000a57       8ec   4
R
                                  00000a58  00000e0b       3b4   4
SU
                                  00000e0c  00000f0b       100   4
SI
                                  00000f0c  0000120b       300   4
PResetPRG
                                  ffe00000  ffe0003b        3c   1
C_1
                                  ffe00100  ffe00211       112   1
C_2
                                  ffe00212  ffe0041b       20a   2
C
                                  ffe0041c  ffe0050f        f4   4
C$DSEC
                                  ffe00510  ffe00533        24   4
C$BSEC
                                  ffe00534  ffe0054b        18   4
C$INIT
                                  ffe0054c  ffe0054c         0   1
C$VTBL
                                  ffe0054c  ffe0054c         0   1
C$VECT
                                  ffe0054c  ffe0094b       400   4
D_1
                                  ffe0094c  ffe0099c        51   1
D_2
                                  ffe0099e  ffe009a5         8   2
D
                                  ffe009a8  ffe00d5b       3b4   4
P
                                  ffe00d5c  ffe11114     103b9   1
W_1
                                  ffe11115  ffe11138        24   1
W_2
                                  ffe1113a  ffe1115f        26   2
W
                                  ffe11160  ffe11160         0   4
L
                                  ffe11160  ffe11458       2f9   4
$ADDR_C_FFFFFF80
                                  ffffff80  ffffff83         4   1
FIXEDVECT
                                  ffffffd0  ffffffff        30   4
